Cannot open fasta file 'plugins/Delve/example//S12_R1.fastq'
